Microchip MPLAB XC8 Compiler V2.32

Linker command line:

-W-3 --edf=C:\Program Files\Microchip\xc8\v2.32\pic\dat\en_msgs.txt -cn \
  -h+dist/default/production\PruebaLCD.X.production.sym \
  --cmf=dist/default/production\PruebaLCD.X.production.cmf -z -Q18F4550 \
  -oC:\Users\usr\AppData\Local\Temp\xcAs94.4 \
  -Mdist/default/production/PruebaLCD.X.production.map -E1 \
  -ver=XC8 Compiler -ASTACK=060h-07FFh -pstack=STACK -ACODE=00h-07FFFh \
  -ACONST=00h-07FFFh -ASMALLCONST=0800h-08FFhx120 \
  -AMEDIUMCONST=0800h-07FFFh -ACOMRAM=01h-05Fh -AABS1=00h-07FFh \
  -ABIGRAM=01h-07FFh -ARAM=060h-0FFh,0100h-01FFhx7 -ABANK0=060h-0FFh \
  -ABANK1=0100h-01FFh -ABANK2=0200h-02FFh -ABANK3=0300h-03FFh \
  -ABANK4=0400h-04FFh -ABANK5=0500h-05FFh -ABANK6=0600h-06FFh \
  -ABANK7=0700h-07FFh -ASFR=0F60h-0FFFh -ACONFIG=0300000h-030000Dh \
  -AIDLOC=0200000h-0200007h -AEEDATA=0F00000h-0F000FFh -peeprom_data=EEDATA \
  -preset_vec=00h,intcode,intcodelo,powerup,init -pramtop=0800h \
  -psmallconst=SMALLCONST -pmediumconst=MEDIUMCONST -pconst=CONST \
  -AFARRAM=00h-00h \
  -prdata=COMRAM,nvrram=COMRAM,nvbit=COMRAM,rbss=COMRAM,rbit=COMRAM \
  -pfarbss=FARRAM,fardata=FARRAM,nvFARRAM=FARRAM \
  -pintsave_regs=BIGRAM,bigbss=BIGRAM,bigdata=BIGRAM -pbss=RAM \
  -pidata=CODE,irdata=CODE,ibigdata=CODE,ifardata=CODE -prparam=COMRAM \
  C:\Users\usr\AppData\Local\Temp\xcAs94.obj \
  dist/default/production\PruebaLCD.X.production.obj 

Object code version is 3.11

Machine type is 18F4550



                Name                               Link     Load   Length Selector   Space Scale
C:\Users\usr\AppData\Local\Temp\xcAs94.obj
                idloc                            200000   200000        8        0       5
                config                           300000   300000        E        0       4
                init                                  0        0        4        0       0
dist/default/production\PruebaLCD.X.production.obj
                idloc                            200000   200000        8        0       5
                config                           300000   300000        E        0       4
                smallconst                          800      800        E      400       0
                text12                              B58      B58       18      407       0
                text11                              BB0      BB0        E      407       0
                text10                              A14      A14       56      407       0
                text9                               A6A      A6A       46      407       0
                text8                               B86      B86       16      407       0
                text7                               AB0      AB0       3A      407       0
                text6                               AEA      AEA       2A      407       0
                text5                               80E      80E       E6      407       0
                text4                               B9C      B9C       14      407       0
                text3                               8F4      8F4       9C      407       0
                text2                               B70      B70       16      407       0
                text1                               B14      B14       28      407       0
                text0                               990      990       84      407       0
                cstackCOMRAM                          1        1        F        1       1
                dataCOMRAM                           10       10        1        1       1
                cinit                               B3C      B3C       1C      407       0
                idataCOMRAM                         BBE      BBE        1      407       0

TOTAL           Name                               Link     Load   Length     Space
        CLASS   STACK          

        CLASS   CODE           
                init                                  0        0        4         0
                text12                              B58      B58       18         0
                text11                              BB0      BB0        E         0
                text10                              A14      A14       56         0
                text9                               A6A      A6A       46         0
                text8                               B86      B86       16         0
                text7                               AB0      AB0       3A         0
                text6                               AEA      AEA       2A         0
                text5                               80E      80E       E6         0
                text4                               B9C      B9C       14         0
                text3                               8F4      8F4       9C         0
                text2                               B70      B70       16         0
                text1                               B14      B14       28         0
                text0                               990      990       84         0
                cinit                               B3C      B3C       1C         0
                idataCOMRAM                         BBE      BBE        1         0

        CLASS   CONST          

        CLASS   SMALLCONST     
                smallconst                          800      800        E         0

        CLASS   MEDIUMCONST    

        CLASS   COMRAM         
                cstackCOMRAM                          1        1        F         1
                dataCOMRAM                           10       10        1         1

        CLASS   ABS1           

        CLASS   BIGRAM         

        CLASS   RAM            

        CLASS   BANK0          

        CLASS   BANK1          

        CLASS   BANK2          

        CLASS   BANK3          

        CLASS   BANK4          

        CLASS   BANK5          

        CLASS   BANK6          

        CLASS   BANK7          

        CLASS   SFR            

        CLASS   CONFIG         
                config                           300000   300000        E         4

        CLASS   IDLOC          
                idloc                            200000   200000        8         5

        CLASS   EEDATA         

        CLASS   FARRAM         



SEGMENTS        Name                           Load    Length   Top    Selector   Space  Class

                reset_vec                      000000  000004  000004         0       0  CODE    
                cstackCOMRAM                   000001  000010  000011         1       1  COMRAM  
                smallconst                     000800  00000E  00080E       400       0  SMALLCON
                text5                          00080E  0003B1  000BBF       407       0  CODE    


UNUSED ADDRESS RANGES

        Name                Unused          Largest block    Delta
        BANK0            000060-0000FF               A0
        BANK1            000100-0001FF              100
        BANK2            000200-0002FF              100
        BANK3            000300-0003FF              100
        BANK4            000400-0004FF              100
        BANK5            000500-0005FF              100
        BANK6            000600-0006FF              100
        BANK7            000700-0007FF              100
        BIGRAM           000011-0007FF              7EF
        CODE             000004-0007FF              7FC
                         000BBF-007FFF             7441
        COMRAM           000011-00005F               4F
        CONST            000004-0007FF              7FC
                         000BBF-007FFF             7441
        EEDATA           F00000-F000FF              100
        MEDIUMCONST      000BBF-007FFF             7441
        RAM              000060-0007FF              100
        SFR              000F60-000FFF               A0
        SMALLCONST       000BBF-007FFF              100
        STACK            000060-0007FF              7A0

                                  Symbol Table

ConfiguraLCD@a           cstackCOMRAM 000001
DireccionaLCD@a          cstackCOMRAM 000005
EnviaDato@a              cstackCOMRAM 000004
EscribeLCD_c@a           cstackCOMRAM 000005
EscribeLCD_n8@a          cstackCOMRAM 00000D
EscribeLCD_n8@b          cstackCOMRAM 000009
EscribeLCD_n8@centena    cstackCOMRAM 00000A
EscribeLCD_n8@decena     cstackCOMRAM 00000B
EscribeLCD_n8@unidad     cstackCOMRAM 00000C
MensajeLCD_Var@a         cstackCOMRAM 000006
RetardoLCD@a             cstackCOMRAM 000002
_BorraLCD                text4        000B9C
_ConfiguraLCD            text12       000B58
_DireccionaLCD           text8        000B86
_EnviaDato               text9        000A6A
_EscribeLCD_c            text2        000B70
_EscribeLCD_n8           text5        00080E
_HabilitaLCD             text11       000BB0
_InicializaLCD           text3        0008F4
_LATD                    (abs)        000F8C
_LATD2                   (abs)        007C62
_LATD3                   (abs)        007C63
_MensajeLCD_Var          text1        000B14
_RetardoLCD              text10       000A14
_TRISD                   (abs)        000F95
__HRAM                   (abs)        000000
__Habs1                  abs1         000000
__Hbank0                 bank0        000000
__Hbank1                 bank1        000000
__Hbank2                 bank2        000000
__Hbank3                 bank3        000000
__Hbank4                 bank4        000000
__Hbank5                 bank5        000000
__Hbank6                 bank6        000000
__Hbank7                 bank7        000000
__Hbigbss                bigbss       000000
__Hbigdata               bigdata      000000
__Hbigram                bigram       000000
__Hbss                   bss          000000
__Hcinit                 cinit        000000
__Hclrtext               clrtext      000000
__Hcomram                comram       000000
__Hconfig                config       30000E
__Hconst                 const        000000
__HcstackCOMRAM          cstackCOMRAM 000000
__Hdata                  data         000000
__HdataCOMRAM            dataCOMRAM   000000
__Heeprom_data           eeprom_data  000000
__Hfarbss                farbss       000000
__Hfardata               fardata      000000
__Hibigdata              ibigdata     000000
__Hidata                 idata        000000
__HidataCOMRAM           idataCOMRAM  000000
__Hidloc                 idloc        200008
__Hifardata              ifardata     000000
__Hinit                  init         000004
__Hintcode               intcode      000000
__Hintcode_body          intcode_body 000000
__Hintcodelo             intcodelo    000000
__Hintentry              intentry     000000
__Hintret                intret       000000
__Hintsave_regs          intsave_regs 000000
__Hirdata                irdata       000000
__Hmediumconst           mediumconst  000000
__HnvFARRAM              nvFARRAM     000000
__Hnvbit                 nvbit        000000
__Hnvrram                nvrram       000000
__Hparam                 rparam       000000
__Hpowerup               powerup      000000
__Hram                   ram          000000
__Hramtop                ramtop       000800
__Hrbit                  rbit         000000
__Hrbss                  rbss         000000
__Hrdata                 rdata        000000
__Hreset_vec             reset_vec    000000
__Hrparam                rparam       000000
__Hsfr                   sfr          000000
__Hsmallconst            smallconst   00080E
__Hspace_0               (abs)        000BBF
__Hspace_1               (abs)        000011
__Hspace_2               (abs)        000000
__Hspace_4               (abs)        60000E
__Hstack                 stack        000000
__Hstruct                struct       000000
__Htemp                  temp         000000
__Htext                  text         000000
__Htext0                 text0        000000
__Htext1                 text1        000000
__Htext10                text10       000000
__Htext11                text11       000000
__Htext12                text12       000000
__Htext2                 text2        000000
__Htext3                 text3        000000
__Htext4                 text4        000000
__Htext5                 text5        000000
__Htext6                 text6        000000
__Htext7                 text7        000000
__Htext8                 text8        000000
__Htext9                 text9        000000
__LRAM                   (abs)        000001
__Labs1                  abs1         000000
__Lbank0                 bank0        000000
__Lbank1                 bank1        000000
__Lbank2                 bank2        000000
__Lbank3                 bank3        000000
__Lbank4                 bank4        000000
__Lbank5                 bank5        000000
__Lbank6                 bank6        000000
__Lbank7                 bank7        000000
__Lbigbss                bigbss       000000
__Lbigdata               bigdata      000000
__Lbigram                bigram       000000
__Lbss                   bss          000000
__Lcinit                 cinit        000000
__Lclrtext               clrtext      000000
__Lcomram                comram       000000
__Lconfig                config       000000
__Lconst                 const        000000
__LcstackCOMRAM          cstackCOMRAM 000000
__Ldata                  data         000000
__LdataCOMRAM            dataCOMRAM   000000
__Leeprom_data           eeprom_data  000000
__Lfarbss                farbss       000000
__Lfardata               fardata      000000
__Libigdata              ibigdata     000000
__Lidata                 idata        000000
__LidataCOMRAM           idataCOMRAM  000000
__Lidloc                 idloc        000000
__Lifardata              ifardata     000000
__Linit                  init         000000
__Lintcode               intcode      000000
__Lintcode_body          intcode_body 000000
__Lintcodelo             intcodelo    000000
__Lintentry              intentry     000000
__Lintret                intret       000000
__Lintsave_regs          intsave_regs 000000
__Lirdata                irdata       000000
__Lmediumconst           mediumconst  000000
__LnvFARRAM              nvFARRAM     000000
__Lnvbit                 nvbit        000000
__Lnvrram                nvrram       000000
__Lparam                 rparam       000000
__Lpowerup               powerup      000000
__Lram                   ram          000000
__Lramtop                ramtop       000800
__Lrbit                  rbit         000000
__Lrbss                  rbss         000000
__Lrdata                 rdata        000000
__Lreset_vec             reset_vec    000000
__Lrparam                rparam       000000
__Lsfr                   sfr          000000
__Lsmallconst            smallconst   000800
__Lspace_0               (abs)        000000
__Lspace_1               (abs)        000000
__Lspace_2               (abs)        000000
__Lspace_4               (abs)        000000
__Lstack                 stack        000000
__Lstruct                struct       000000
__Ltemp                  temp         000000
__Ltext                  text         000000
__Ltext0                 text0        000000
__Ltext1                 text1        000000
__Ltext10                text10       000000
__Ltext11                text11       000000
__Ltext12                text12       000000
__Ltext2                 text2        000000
__Ltext3                 text3        000000
__Ltext4                 text4        000000
__Ltext5                 text5        000000
__Ltext6                 text6        000000
__Ltext7                 text7        000000
__Ltext8                 text8        000000
__Ltext9                 text9        000000
__S0                     (abs)        000BBF
__S1                     (abs)        000011
__S2                     (abs)        000000
__S4                     (abs)        000000
__S5                     (abs)        000000
___inthi_sp              stack        000000
___intlo_sp              stack        000000
___lbdiv                 text7        000AB0
___lbdiv@counter         cstackCOMRAM 000007
___lbdiv@dividend        cstackCOMRAM 000006
___lbdiv@divisor         cstackCOMRAM 000005
___lbdiv@quotient        cstackCOMRAM 000008
___lbmod                 text6        000AEA
___lbmod@counter         cstackCOMRAM 000003
___lbmod@dividend        cstackCOMRAM 000002
___lbmod@divisor         cstackCOMRAM 000001
___lbmod@rem             cstackCOMRAM 000004
___param_bank            (abs)        000000
___rparam_used           (abs)        000001
___sp                    stack        000000
__accesstop              (abs)        000060
__activetblptr           (abs)        000002
__end_of_BorraLCD        text4        000BB0
__end_of_ConfiguraLCD    text12       000B70
__end_of_DireccionaLCD   text8        000B9C
__end_of_EnviaDato       text9        000AB0
__end_of_EscribeLCD_c    text2        000B86
__end_of_EscribeLCD_n8   text5        0008F4
__end_of_HabilitaLCD     text11       000BBE
__end_of_InicializaLCD   text3        000990
__end_of_MensajeLCD_Var  text1        000B3C
__end_of_RetardoLCD      text10       000A6A
__end_of___lbdiv         text7        000AEA
__end_of___lbmod         text6        000B14
__end_of__initialization cinit        000B4E
__end_of_main            text0        000A14
__initialization         cinit        000B3C
__mediumconst            mediumconst  000000
__pcinit                 cinit        000B3C
__pcstackCOMRAM          cstackCOMRAM 000001
__pdataCOMRAM            dataCOMRAM   000010
__pidataCOMRAM           idataCOMRAM  000BBE
__psmallconst            smallconst   000800
__ptext0                 text0        000990
__ptext1                 text1        000B14
__ptext10                text10       000A14
__ptext11                text11       000BB0
__ptext12                text12       000B58
__ptext2                 text2        000B70
__ptext3                 text3        0008F4
__ptext4                 text4        000B9C
__ptext5                 text5        00080E
__ptext6                 text6        000AEA
__ptext7                 text7        000AB0
__ptext8                 text8        000B86
__ptext9                 text9        000A6A
__ramtop                 ramtop       000800
__size_of_BorraLCD       (abs)        000000
__size_of_ConfiguraLCD   (abs)        000000
__size_of_DireccionaLCD  (abs)        000000
__size_of_EnviaDato      (abs)        000000
__size_of_EscribeLCD_c   (abs)        000000
__size_of_EscribeLCD_n8  (abs)        000000
__size_of_HabilitaLCD    (abs)        000000
__size_of_InicializaLCD  (abs)        000000
__size_of_MensajeLCD_Var (abs)        000000
__size_of_RetardoLCD     (abs)        000000
__size_of___lbdiv        (abs)        000000
__size_of___lbmod        (abs)        000000
__size_of_main           (abs)        000000
__smallconst             smallconst   000800
_interfaz                dataCOMRAM   000010
_main                    text0        000990
end_of_initialization    cinit        000B4E
intlevel0                text         000000
intlevel1                text         000000
intlevel2                text         000000
intlevel3                text         000000
isa$std                  (abs)        000001
isa$xinst                (abs)        000000
stackhi                  (abs)        0007FF
stacklo                  (abs)        000060
start                    init         000000
start_initialization     cinit        000B3C


MODULE INFORMATION

Module		Function		Class		Link	Load	Size
LibLCDXC8.h
		_DireccionaLCD 		CODE           	0B86	0000	22
		_InicializaLCD 		CODE           	08F4	0000	156
		_EnviaDato     		CODE           	0A6A	0000	70
		_MensajeLCD_Var		CODE           	0B14	0000	40
		_EscribeLCD_c  		CODE           	0B70	0000	22
		_HabilitaLCD   		CODE           	0BB0	0000	14
		_EscribeLCD_n8 		CODE           	080E	0000	230
		_ConfiguraLCD  		CODE           	0B58	0000	24
		_BorraLCD      		CODE           	0B9C	0000	20
		_RetardoLCD    		CODE           	0A14	0000	86

LibLCDXC8.h estimated size: 684

C:\Program Files\Microchip\xc8\v2.32\pic\sources\c90\common\lbdiv.c
		___lbdiv       		CODE           	0AB0	0000	58

C:\Program Files\Microchip\xc8\v2.32\pic\sources\c90\common\lbdiv.c estimated size: 58

PruebaLCD.c
		_main          		CODE           	0990	0000	132

PruebaLCD.c estimated size: 132

shared
		__initialization		CODE           	0B3C	0000	18

shared estimated size: 18

C:\Program Files\Microchip\xc8\v2.32\pic\sources\c90\common\lbmod.c
		___lbmod       		CODE           	0AEA	0000	42

C:\Program Files\Microchip\xc8\v2.32\pic\sources\c90\common\lbmod.c estimated size: 42

